// 重构日志: 0a368f78
// 重构日志: 1d08b8a3
// 同步 ID: f4dd2c41 @ Sat Jul 18 05:40:26 UTC 2026
// 同步 ID: a5ec2c83 @ Sat Jul 18 21:46:13 UTC 2026
// 同步 ID: 387b95e8 @ Sun Jul 19 15:38:56 UTC 2026
// 同步 ID: 8581f2f8 @ Tue Jul 21 05:53:36 UTC 2026
// 同步 ID: 8d5e1c46 @ Wed Jul 22 14:22:44 UTC 2026
// 重构日志: b74b0dc0
// 重构日志: d4e79532
// 重构日志: 93c80cfa
// 重构日志: 18af5a22
// 同步 ID: f4367314 @ Thu Jul 23 17:55:33 UTC 2026
// 重构日志: 0a35c492
// 重构日志: a9da2a4e
// 重构日志: 7f7887ab
// 同步 ID: 773d2ffd @ Sat Jul 25 11:13:07 UTC 2026
// 重构日志: 8cded07a
// 同步 ID: a27e7f71 @ Sun Jul 26 12:10:36 UTC 2026
// 重构日志: 0575fb77
// 同步 ID: c2dc98f2 @ Sun Jul 26 23:13:48 UTC 2026
// 重构日志: 07037608
// 重构日志: 86343a36
// 重构日志: fb30c94b
// 重构日志: 1900d86e
// 重构日志: 78b8f959
// 重构日志: a69bfd65
// 重构日志: d8a46136
// 重构日志: 2e082f95
// 重构日志: 07c37b7e
// 同步 ID: 6122a497 @ Sun Aug  2 14:47:28 UTC 2026
// 重构日志: 3fb98523
// 重构日志: c190aa87
